src/actions/clients.ts(124,5): error TS2578: Unused '@ts-expect-error' directive.
src/actions/clients.ts(127,17): error TS2345: Argument of type '{ company_name: string; tax_id: string | null; email: string | null; phone: string | null; address: string | null; notes: string | null; }' is not assignable to parameter of type 'never'.
